// Jest Snapshot v1, https://goo.gl/fbAQLP

exports[`renders like the last time (snapshots) 1`] = `
<div
  className="App"
>
  <header
    className="App-header"
  >
    <img
      alt="logo"
      className="App-logo"
      src={undefined}
    />
    <h1
      className="App-title"
    >
      Academy Builder
    </h1>
  </header>
  <div
    style={
      Object {
        "backgroundColor": "#222",
        "padding": "10px",
        "textAlign": "right",
      }
    }
  >
    <div
      className="badge badge-danger"
    >
      Not logged in
    </div>
     
  </div>
  <div
    className="form-signin"
  >
    <h1
      className="h3 mb-3 font-weight-normal"
    >
      Login
    </h1>
    <label
      className="sr-only"
      htmlFor="inputEmail"
    >
      Email address
    </label>
    <input
      autoFocus={true}
      className="form-control"
      id="username"
      onChange={[Function]}
      placeholder="Email address"
      required={true}
      type="text"
    />
    <label
      className="sr-only"
      htmlFor="inputPassword"
    >
      Password
    </label>
    <input
      className="form-control"
      id="password"
      onChange={[Function]}
      placeholder="Password"
      required={true}
      type="password"
    />
    <button
      className="btn btn-lg btn-primary btn-block"
      id="logonButton"
      onClick={[Function]}
    >
      Sign in
    </button>
    <label
      className="badge badge-danger"
    />
  </div>
  <button
    className="btn btn-link"
    onClick={[Function]}
    style={
      Object {
        "fontSize": "9px",
      }
    }
  >
    Show Logs
  </button>
</div>
`;
